../Core/Src/main.c:98:5:main	8	static
../Core/Src/main.c:157:6:SystemClock_Config	88	static
../Core/Src/main.c:207:13:MX_I2C1_Init	8	static
../Core/Src/main.c:255:13:MX_TIM2_Init	40	static
../Core/Src/main.c:300:13:MX_TIM3_Init	48	static
../Core/Src/main.c:349:13:MX_USART3_UART_Init	8	static
../Core/Src/main.c:384:13:MX_USB_OTG_FS_PCD_Init	8	static
../Core/Src/main.c:419:13:MX_GPIO_Init	56	static
../Core/Src/main.c:498:6:HAL_TIM_PeriodElapsedCallback	40	static
../Core/Src/main.c:524:6:Error_Handler	4	static,ignoring_inline_asm
